[galvalum-dis.netlify.app/index.html]
[galvalum-dis.netlify.app/images/demo/logo-dis.png]
[backblue.gif]
[fade.gif]
[index.html]
[galvalum-dis.netlify.app/layout/styles/layout.css]
[galvalum-dis.netlify.app/index-2.html]
[galvalum-dis.netlify.app/pages/acp.html]
[galvalum-dis.netlify.app/pages/atap-galvalum.html]
[galvalum-dis.netlify.app/pages/seng-gelombang.html]
[galvalum-dis.netlify.app/pages/atap-lengkung.html]
[galvalum-dis.netlify.app/pages/galvalum-lembaran.html]
[galvalum-dis.netlify.app/pages/genteng-metal.html]
[galvalum-dis.netlify.app/pages/hollow-galvalum.html]
[galvalum-dis.netlify.app/pages/hollow-galvanis.html]
[galvalum-dis.netlify.app/pages/pipa-galvanis.html]
[galvalum-dis.netlify.app/pages/plat-seng-galvalum.html]
[galvalum-dis.netlify.app/images/demo/backgrounds/1.jpg]
[galvalum-dis.netlify.app/images/demo/hollowgalvalum.jpg]
[galvalum-dis.netlify.app/images/demo/hollowgalvanis.jpg]
[galvalum-dis.netlify.app/images/demo/pipagalvanis.jpg]
[galvalum-dis.netlify.app/images/demo/platseng.jpg]
[galvalum-dis.netlify.app/images/demo/backgrounds/02.png]
[galvalum-dis.netlify.app/images/demo/backgrounds/03.png]
[galvalum-dis.netlify.app/layout/scripts/jquery.min.js]
[galvalum-dis.netlify.app/layout/scripts/jquery.backtotop.js]
[galvalum-dis.netlify.app/layout/scripts/jquery.mobilemenu.js]
[galvalum-dis.netlify.app/index.html]
[galvalum-dis.netlify.app/layout/scripts/jquery.placeholder.min.js]
[galvalum-dis.netlify.app/layout/styles/fontawesome-4.5.0.min.css]
[galvalum-dis.netlify.app/layout/styles/layout.css]
[galvalum-dis.netlify.app/index-2.html]
[galvalum-dis.netlify.app/layout/styles/framework.css]
[galvalum-dis.netlify.app/pages/pages/ACP.24.delayed]
[galvalum-dis.netlify.app/pages/pages/full-width.25.delayed]
[galvalum-dis.netlify.app/images/demo/acp2.jpg]
[galvalum-dis.netlify.app/images/demo/acp3.jpg]
[galvalum-dis.netlify.app/images/demo/acp4.jpg]
[galvalum-dis.netlify.app/images/demo/avatar.png]
[galvalum-dis.netlify.app/pages/acp.html]
[galvalum-dis.netlify.app/pages/pages/Atap-Galvalum.2a.delayed]
[galvalum-dis.netlify.app/images/demo/atapgalvalum1.jpg]
[galvalum-dis.netlify.app/images/demo/atapgalvalum2.jpg]
[galvalum-dis.netlify.app/images/demo/atapgalvalum3.jpg]
[galvalum-dis.netlify.app/pages/atap-galvalum.html]
[galvalum-dis.netlify.app/pages/seng-gelombang.html]
[galvalum-dis.netlify.app/pages/pages/Seng-Gelombang.2e.delayed]
[galvalum-dis.netlify.app/pages/pages/Atap-Lengkung.2f.delayed]
[galvalum-dis.netlify.app/images/demo/ataplengkung1.jpg]
[galvalum-dis.netlify.app/images/demo/ataplengkung2.jpg]
[galvalum-dis.netlify.app/images/demo/ataplengkung3.jpg]
[galvalum-dis.netlify.app/pages/atap-lengkung.html]
[galvalum-dis.netlify.app/pages/pages/Galvalum-Lembaran.33.delayed]
[galvalum-dis.netlify.app/pages/pages/Genteng-Metal.34.delayed]
[galvalum-dis.netlify.app/pages/pages/Hollow-Galvalum.35.delayed]
[galvalum-dis.netlify.app/pages/pages/Hollow-Galvanis.36.delayed]
[galvalum-dis.netlify.app/pages/pages/Pipa-Galvanis.37.delayed]
[galvalum-dis.netlify.app/pages/pages/Plat-Seng-Galvalum.38.delayed]
[galvalum-dis.netlify.app/pages/galvalum-lembaran.html]
[galvalum-dis.netlify.app/pages/genteng-metal.html]
[galvalum-dis.netlify.app/pages/hollow-galvalum.html]
[galvalum-dis.netlify.app/pages/hollow-galvanis.html]
[galvalum-dis.netlify.app/pages/pipa-galvanis.html]
[galvalum-dis.netlify.app/images/demo/platsengplatgalvalum1.jpg]
[galvalum-dis.netlify.app/images/demo/platsengplatgalvalum2.jpg]
[galvalum-dis.netlify.app/images/demo/platsengplatgalvalum3.jpg]
[galvalum-dis.netlify.app/pages/plat-seng-galvalum.html]
[galvalum-dis.netlify.app/layout/styles/fonts/fontawesome-webfont3295.eot]
[galvalum-dis.netlify.app/layout/styles/fonts/fontawesome-webfontd41d.eot]
[galvalum-dis.netlify.app/layout/styles/fonts/fontawesome-webfont3295.woff2]
[galvalum-dis.netlify.app/layout/styles/fonts/fontawesome-webfont3295.woff]
[galvalum-dis.netlify.app/layout/styles/fonts/fontawesome-webfont3295.ttf]
[galvalum-dis.netlify.app/layout/styles/fontawesome-4.5.0.min.css]
[galvalum-dis.netlify.app/layout/styles/framework.css]
[galvalum-dis.netlify.app/pages/pages/ACP.html]
[galvalum-dis.netlify.app/pages/pages/full-width.html]
[galvalum-dis.netlify.app/pages/pages/Atap-Galvalum.html]
[galvalum-dis.netlify.app/pages/pages/Seng-Gelombang.html]
[galvalum-dis.netlify.app/pages/pages/Atap-Lengkung.html]
[galvalum-dis.netlify.app/pages/pages/Galvalum-Lembaran.html]
[galvalum-dis.netlify.app/pages/pages/Genteng-Metal.html]
[galvalum-dis.netlify.app/pages/pages/Hollow-Galvalum.html]
[galvalum-dis.netlify.app/pages/pages/Hollow-Galvanis.html]
[galvalum-dis.netlify.app/pages/pages/Pipa-Galvanis.html]
[galvalum-dis.netlify.app/pages/pages/Plat-Seng-Galvalum.html]
[galvalum-dis.netlify.app/layout/styles/fonts/fontawesome-webfont3295.svg]
[galvalum-dis.netlify.app/layout/styles/fonts/fontawesome-webfont3295.svg]
[file/C_/Users/Adisty/Downloads/lolwork/images/demo/acp.jpg]
[file/C_/Users/Adisty/Downloads/lolwork/images/demo/atapgalvalum.jpg]
[file/C_/Users/Adisty/Downloads/lolwork/images/demo/atapgelombang.jpg]
[file/C_/Users/Adisty/Downloads/lolwork/images/demo/ataplengkung.jpg]
[file/C_/Users/Adisty/Downloads/lolwork/images/demo/galvalum.jpg]
[file/C_/Users/Adisty/Downloads/lolwork/images/demo/galvalumlembaran.jpg]
[file/C_/Users/Adisty/Downloads/lolwork/images/demo/gentengmetal.jpg]
